/home/runner/work/SpringbootDemo/SpringbootDemo/src/main/java/com/neosoft/SpringBasic/libraries/BrowserScope.java
/home/runner/work/SpringbootDemo/SpringbootDemo/src/main/java/com/neosoft/SpringBasic/libraries/WebDriverLibrary.java
/home/runner/work/SpringbootDemo/SpringbootDemo/src/main/java/com/neosoft/SpringBasic/Car.java
/home/runner/work/SpringbootDemo/SpringbootDemo/src/main/java/com/neosoft/SpringBasic/models/TestUserDetails.java
/home/runner/work/SpringbootDemo/SpringbootDemo/src/main/java/com/neosoft/SpringBasic/libraries/RemoteWebDriverFactory.java
/home/runner/work/SpringbootDemo/SpringbootDemo/src/main/java/com/neosoft/SpringBasic/libraries/BrowserScopeConfig.java
/home/runner/work/SpringbootDemo/SpringbootDemo/src/main/java/com/neosoft/SpringBasic/SpringBasicApplication.java
/home/runner/work/SpringbootDemo/SpringbootDemo/src/main/java/com/neosoft/SpringBasic/libraries/BrowserScopePostProcessor.java
/home/runner/work/SpringbootDemo/SpringbootDemo/src/main/java/com/neosoft/SpringBasic/annotation/PageScope.java
/home/runner/work/SpringbootDemo/SpringbootDemo/src/main/java/com/neosoft/SpringBasic/models/UserDetails.java
