/home/runner/work/SpringbootDemo/SpringbootDemo/src/test/java/com/neosoft/SpringBasic/pages/LoginPage.java
/home/runner/work/SpringbootDemo/SpringbootDemo/src/test/java/com/neosoft/SpringBasic/SpringTestNGTest.java
/home/runner/work/SpringbootDemo/SpringbootDemo/src/test/java/com/neosoft/SpringBasic/steps/CucumberTestContextConfig.java
/home/runner/work/SpringbootDemo/SpringbootDemo/src/test/java/com/neosoft/SpringBasic/SpringBasicApplicationTests.java
/home/runner/work/SpringbootDemo/SpringbootDemo/src/test/java/com/neosoft/SpringBasic/SpringTestNGTest_Dup.java
/home/runner/work/SpringbootDemo/SpringbootDemo/src/test/java/com/neosoft/SpringBasic/runner/TestRunner.java
/home/runner/work/SpringbootDemo/SpringbootDemo/src/test/java/com/neosoft/SpringBasic/pages/HomePage.java
/home/runner/work/SpringbootDemo/SpringbootDemo/src/test/java/com/neosoft/SpringBasic/pages/MainPage.java
/home/runner/work/SpringbootDemo/SpringbootDemo/src/test/java/com/neosoft/SpringBasic/steps/LoginSteps.java
/home/runner/work/SpringbootDemo/SpringbootDemo/src/test/java/com/neosoft/SpringBasic/pages/BasePage.java
/home/runner/work/SpringbootDemo/SpringbootDemo/src/test/java/com/neosoft/SpringBasic/steps/Hooks.java
/home/runner/work/SpringbootDemo/SpringbootDemo/src/test/java/com/neosoft/SpringBasic/steps/HomeSteps.java
